<html>
<body>
<pre>
<h1>µVision Build Log</h1>
<h2>Tool Versions:</h2>
IDE-Version: ¦ÌVision V5.14.0.0
Copyright (C) 2015 ARM Ltd and ARM Germany GmbH. All rights reserved.
License Information: feng fu, kotei, LIC=----
 
Tool Versions:
Toolchain:       MDK-Lite  Version: 5.14.0.0
Toolchain Path:  C:\Keil_v5\ARM\ARMCC\Bin
C Compiler:      Armcc.exe V5.05 update 1 (build 106)
Assembler:       Armasm.exe V5.05 update 1 (build 106)
Linker/Locator:  ArmLink.exe V5.05 update 1 (build 106)
Library Manager: ArmAr.exe V5.05 update 1 (build 106)
Hex Converter:   FromElf.exe V5.05 update 1 (build 106)
CPU DLL:         SARMCM3.DLL V5.14.0.0
Dialog DLL:      DCM.DLL V1.13.1.0
Target DLL:      Segger\JL2CM3.dll V2.99.13.0
Dialog DLL:      TCM.DLL V1.14.4.0
 
<h2>Project:</h2>
E:\Workspace\STM32\stm32vet407\demo\smartsystem.uvprojx
Project File Date:  08/31/2022

<h2>Output:</h2>
Build target 'smart_system'
compiling main.c...
main.c(13): warning:  #177-D: variable "loop" was declared but never referenced
      u32 loop = 32;
main.c: 1 warning, 0 errors
linking...
Program Size: Code=4260 RO-data=424 RW-data=32 ZI-data=1632  
".\Objects\smartsystem.axf" - 0 Error(s), 1 Warning(s).

<h2>Software Packages used:</h2>

Package Vendor: Keil
                http://www.keil.com/pack/Keil.STM32F4xx_DFP.1.0.8.pack
                Keil::Device:StdPeriph Drivers:SYSCFG:1.3.0
                STMicroelectronics STM32F4 Series Device Support, Drivers and Examples
   * Component: SYSCFG Version: 1.3.0

<h2>Collection of Component include folders:</h2>
  E:\Workspace\STM32\stm32vet407\demo\RTE
  C:\Keil_v5\ARM\PACK\Keil\STM32F4xx_DFP\1.0.8\Device\Include
  C:\Keil_v5\ARM\PACK\Keil\STM32F4xx_DFP\1.0.8\Device\StdPeriph_Driver\inc

<h2>Collection of Component Files used:</h2>

   * Component: Keil::Device:StdPeriph Drivers:SYSCFG:1.3.0
      Source file:   Device\StdPeriph_Driver\src\stm32f4xx_syscfg.c
      Include file:  Device\StdPeriph_Driver\inc\stm32f4xx_syscfg.h
</pre>
</body>
</html>
